[backblue.gif]
[fade.gif]
[index.html]
[bnbkeeper.webimprovise.com/public/front_end/assets/js/libs/modernizr-2.6.2.min.js]
[bnbkeeper.webimprovise.com/public/front_end/assets/img/bnb-keepers-logo-lg.png]
[bnbkeeper.webimprovise.com/public/front_end/assets/img/pic-01.jpg]
[bnbkeeper.webimprovise.com/public/front_end/assets/img/icon/1.png]
[bnbkeeper.webimprovise.com/public/front_end/assets/img/icon/2.png]
[bnbkeeper.webimprovise.com/public/front_end/assets/img/icon/3.png]
[bnbkeeper.webimprovise.com/public/front_end/assets/img/icon/4.png]
[bnbkeeper.webimprovise.com/public/front_end/assets/img/icon/7.png]
[bnbkeeper.webimprovise.com/public/front_end/assets/img/icon/6.png]
[bnbkeeper.webimprovise.com/public/front_end/assets/img/icon/5.png]
[bnbkeeper.webimprovise.com/public/front_end/assets/img/pic-02.jpg]
[bnbkeeper.webimprovise.com/public/front_end/assets/img/pic-03.jpg]
[bnbkeeper.webimprovise.com/public/front_end/assets/img/pic-04.jpg]
[bnbkeeper.webimprovise.com/public/front_end/assets/js/libs/jquery-2.2.4.min.js]
[code.jquery.com/jquery-2.2.4.min.js]
[bnbkeeper.webimprovise.com/public/front_end/assets/js/libs/jquery-migrate-1.3.0.min.js]
[ajax.googleapis.com/ajax/libs/jqueryui/1.11.4/jquery-ui.min.js]
[bnbkeeper.webimprovise.com/public/front_end/inc/geocomplete/jquery.geocomplete.js]
[bnbkeeper.webimprovise.com/public/front_end/inc/cookiejs/js.cookie.js]
[bnbkeeper.webimprovise.com/public/front_end/assets/bootstrap/js/bootstrap.js]
[bnbkeeper.webimprovise.com/public/front_end/inc/remodal/dist/remodal.min.js]
[bnbkeeper.webimprovise.com/public/front_end/inc/jquery-circle-progress/circle-progress.js]
[bnbkeeper.webimprovise.com/public/front_end/inc/page-smooth-scroll/js/jquery.scrollto.js]
[bnbkeeper.webimprovise.com/public/front_end/inc/fullcalendar/lib/moment.min.js]
[bnbkeeper.webimprovise.com/public/front_end/inc/fullcalendar/fullcalendar.js]
[bnbkeeper.webimprovise.com/public/front_end/inc/jquery-sidebar/src/jquery.sidebar.js]
[jillix.github.io/jQuery-sidebar/js/handlers.js]
[bnbkeeper.webimprovise.com/public/front_end/inc/off-canvas/js/jquery.offcanvas.min.js]
[bnbkeeper.webimprovise.com/public/front_end/inc/datetimepicker/build/jquery.datetimepicker.full.js]
[bnbkeeper.webimprovise.com/public/front_end/assets/js/script.js]
[bnbkeeper.webimprovise.com/public/front_end/assets/js/individual_scripts/home.js]
[bnbkeeper.webimprovise.com/public/front_end/assets/img/login-modal-img.png]
[bnbkeeper.webimprovise.com/au.html]
[bnbkeeper.webimprovise.com/public/front_end/assets/bootstrap/fonts/glyphicons-halflings-regular.eot]
[bnbkeeper.webimprovise.com/public/front_end/assets/bootstrap/fonts/glyphicons-halflings-regular.woff2]
[bnbkeeper.webimprovise.com/public/front_end/assets/bootstrap/fonts/glyphicons-halflings-regulard41d.eot]
[bnbkeeper.webimprovise.com/public/front_end/assets/bootstrap/fonts/glyphicons-halflings-regular.woff]
[bnbkeeper.webimprovise.com/public/front_end/assets/bootstrap/fonts/glyphicons-halflings-regular.ttf]
[bnbkeeper.webimprovise.com/public/front_end/assets/bootstrap/css/bootstrap.css]
[bnbkeeper.webimprovise.com/public/front_end/assets/fonts/font-awesome/fonts/fontawesome-webfont914c.eot]
[bnbkeeper.webimprovise.com/public/front_end/assets/fonts/font-awesome/fonts/fontawesome-webfontd41d.eot]
[bnbkeeper.webimprovise.com/public/front_end/assets/fonts/font-awesome/fonts/fontawesome-webfont914c.woff2]
[bnbkeeper.webimprovise.com/public/front_end/assets/fonts/font-awesome/fonts/fontawesome-webfont914c.woff]
[bnbkeeper.webimprovise.com/public/front_end/assets/fonts/font-awesome/fonts/fontawesome-webfont914c.ttf]
[bnbkeeper.webimprovise.com/public/front_end/assets/fonts/font-awesome/css/font-awesome.css]
[bnbkeeper.webimprovise.com/public/front_end/assets/fonts/icofont/fonts/icofont4d84.eot]
[bnbkeeper.webimprovise.com/public/front_end/assets/fonts/icofont/fonts/icofont4d84.ttf]
[bnbkeeper.webimprovise.com/public/front_end/assets/fonts/icofont/fonts/icofont4d84.woff]
[bnbkeeper.webimprovise.com/public/front_end/assets/fonts/icofont/css/icofont.css]
[bnbkeeper.webimprovise.com/public/front_end/assets/css/theme-base.css]
[bnbkeeper.webimprovise.com/public/front_end/assets/css/theme-elements.css]
[bnbkeeper.webimprovise.com/public/front_end/assets/img/bg.jpg]
[bnbkeeper.webimprovise.com/public/front_end/assets/css/theme-style.css]
[bnbkeeper.webimprovise.com/public/front_end/assets/css/theme-blog.css]
[bnbkeeper.webimprovise.com/public/front_end/assets/css/theme-fonts.css]
[bnbkeeper.webimprovise.com/public/front_end/assets/css/animate.css]
[bnbkeeper.webimprovise.com/public/front_end/assets/css/order.css]
[bnbkeeper.webimprovise.com/public/front_end/inc/remodal/dist/remodal.css]
[bnbkeeper.webimprovise.com/public/front_end/inc/remodal/dist/remodal-default-theme.css]
[bnbkeeper.webimprovise.com/public/front_end/inc/faq-template/css/style.css]
[bnbkeeper.webimprovise.com/public/front_end/inc/simple-responsive-navigation/css/style.css]
[bnbkeeper.webimprovise.com/public/front_end/inc/datetimepicker/jquery.datetimepicker.css]
[bnbkeeper.webimprovise.com/public/front_end/assets/fonts/texgyreadventor/assets/texgyreadventor_bold_macroman/texgyreadventor-bold-webfont.eot]
[bnbkeeper.webimprovise.com/public/front_end/assets/fonts/texgyreadventor/assets/texgyreadventor_bold_macroman/texgyreadventor-bold-webfontd41d.eot]
[bnbkeeper.webimprovise.com/public/front_end/assets/fonts/texgyreadventor/assets/texgyreadventor_bold_macroman/texgyreadventor-bold-webfont.woff]
[bnbkeeper.webimprovise.com/public/front_end/assets/fonts/texgyreadventor/assets/texgyreadventor_bold_macroman/texgyreadventor-bold-webfont.ttf]
[bnbkeeper.webimprovise.com/public/front_end/assets/fonts/texgyreadventor/assets/texgyreadventor_bolditalic_macroman/texgyreadventor-bolditalic-webfont.eot]
[bnbkeeper.webimprovise.com/public/front_end/assets/fonts/texgyreadventor/assets/texgyreadventor_bolditalic_macroman/texgyreadventor-bolditalic-webfontd41d.eot]
[bnbkeeper.webimprovise.com/public/front_end/assets/fonts/texgyreadventor/assets/texgyreadventor_bolditalic_macroman/texgyreadventor-bolditalic-webfont.woff]
[bnbkeeper.webimprovise.com/public/front_end/assets/fonts/texgyreadventor/assets/texgyreadventor_bolditalic_macroman/texgyreadventor-bolditalic-webfont.ttf]
[bnbkeeper.webimprovise.com/public/front_end/assets/fonts/texgyreadventor/assets/texgyreadventor_italic_macroman/texgyreadventor-italic-webfont.eot]
[bnbkeeper.webimprovise.com/public/front_end/assets/fonts/texgyreadventor/assets/texgyreadventor_italic_macroman/texgyreadventor-italic-webfontd41d.eot]
[bnbkeeper.webimprovise.com/public/front_end/assets/fonts/texgyreadventor/assets/texgyreadventor_italic_macroman/texgyreadventor-italic-webfont.woff]
[bnbkeeper.webimprovise.com/public/front_end/assets/fonts/texgyreadventor/assets/texgyreadventor_italic_macroman/texgyreadventor-italic-webfont.ttf]
[bnbkeeper.webimprovise.com/public/front_end/assets/fonts/texgyreadventor/assets/texgyreadventor_regular_macroman/texgyreadventor-regular-webfont.eot]
[bnbkeeper.webimprovise.com/public/front_end/assets/fonts/texgyreadventor/assets/texgyreadventor_regular_macroman/texgyreadventor-regular-webfontd41d.eot]
[bnbkeeper.webimprovise.com/public/front_end/assets/fonts/texgyreadventor/assets/texgyreadventor_regular_macroman/texgyreadventor-regular-webfont.woff]
[bnbkeeper.webimprovise.com/public/front_end/assets/fonts/texgyreadventor/assets/texgyreadventor_regular_macroman/texgyreadventor-regular-webfont.ttf]
[bnbkeeper.webimprovise.com/public/front_end/assets/fonts/texgyreadventor/texgyreadventor.css]
[bnbkeeper.webimprovise.com/public/front_end/assets/fonts/signpainter/signpainter-housescript-webfont.woff2]
[bnbkeeper.webimprovise.com/public/front_end/assets/fonts/signpainter/signpainter-housescript-webfont.woff]
[bnbkeeper.webimprovise.com/public/front_end/assets/fonts/signpainter/stylesheet.css]
[bnbkeeper.webimprovise.com/public/front_end/assets/css/skins/defalt.css]
[bnbkeeper.webimprovise.com/public/front_end/assets/css/custom.css]
[bnbkeeper.webimprovise.com/public/front_end/assets/css/responsive.css]
[bnbkeeper.webimprovise.com/public/front_end/assets/img/pic-05.jpg]
[bnbkeeper.webimprovise.com/public/front_end/assets/img/pic-06.jpg]
[bnbkeeper.webimprovise.com/public/front_end/assets/img/pic-07.jpg]
[bnbkeeper.webimprovise.com/public/front_end/assets/img/pic-08.jpg]
[bnbkeeper.webimprovise.com/public/front_end/assets/img/pic-09.jpg]
[bnbkeeper.webimprovise.com/public/front_end/assets/img/pic-10.jpg]
[bnbkeeper.webimprovise.com/public/front_end/assets/img/pic-11.jpg]
[bnbkeeper.webimprovise.com/public/front_end/assets/img/pic-12.jpg]
[bnbkeeper.webimprovise.com/au/discover-our-services.html]
[bnbkeeper.webimprovise.com/public/front_end/assets/img/pic-14.jpg]
[bnbkeeper.webimprovise.com/public/front_end/assets/img/keeper-pic1.jpg]
[bnbkeeper.webimprovise.com/public/front_end/assets/img/keeper-pic2.jpg]
[bnbkeeper.webimprovise.com/public/front_end/assets/img/keeper-pic3.jpg]
[bnbkeeper.webimprovise.com/public/front_end/assets/img/keeper-pic4.jpg]
[bnbkeeper.webimprovise.com/public/front_end/assets/img/keeper-pic5.jpg]
[bnbkeeper.webimprovise.com/public/front_end/assets/img/matthieu.png]
[bnbkeeper.webimprovise.com/public/front_end/assets/img/flag/australia.png]
[bnbkeeper.webimprovise.com/public/front_end/assets/img/flag/france.png]
[bnbkeeper.webimprovise.com/public/front_end/assets/img/flag/spain.png]
[bnbkeeper.webimprovise.com/public/front_end/assets/img/ana.png]
[bnbkeeper.webimprovise.com/public/front_end/assets/img/flag/brazil.png]
[bnbkeeper.webimprovise.com/public/front_end/assets/img/roy.png]
[bnbkeeper.webimprovise.com/public/front_end/assets/img/flag/hong-kong.png]
[bnbkeeper.webimprovise.com/au/discover-our-keepers.html]
[bnbkeeper.webimprovise.com/public/front_end/assets/img/how-does-it-work.jpg]
[bnbkeeper.webimprovise.com/public/front_end/assets/img/arrow-2.png]
[bnbkeeper.webimprovise.com/public/front_end/assets/img/step-01.png]
[bnbkeeper.webimprovise.com/public/front_end/assets/img/arrow-2-rt.png]
[bnbkeeper.webimprovise.com/public/front_end/assets/img/step-02.png]
[bnbkeeper.webimprovise.com/public/front_end/assets/img/step-03.png]
[bnbkeeper.webimprovise.com/public/front_end/assets/img/step-04.png]
[bnbkeeper.webimprovise.com/public/front_end/assets/img/step-05.png]
[bnbkeeper.webimprovise.com/au/how-does-it-work.html]
[bnbkeeper.webimprovise.com/public/front_end/assets/img/faq.jpg]
[bnbkeeper.webimprovise.com/au/faq.html]
[bnbkeeper.webimprovise.com/public/front_end/assets/img/i-am-guest.jpg]
[bnbkeeper.webimprovise.com/au/guest.html]
[bnbkeeper.webimprovise.com/public/front_end/assets/img/media.jpg]
[bnbkeeper.webimprovise.com/au/media.html]
[bnbkeeper.webimprovise.com/public/front_end/assets/img/terms-and-conditions.jpg]
[bnbkeeper.webimprovise.com/au/terms-and-conditions.html]
[bnbkeeper.webimprovise.com/public/front_end/assets/img/pic-13.jpg]
[bnbkeeper.webimprovise.com/au/become-a-keeper.html]
[bnbkeeper.webimprovise.com/public/front_end/assets/bootstrap/fonts/glyphicons-halflings-regular.svg]
[bnbkeeper.webimprovise.com/public/front_end/assets/fonts/font-awesome/fonts/fontawesome-webfont914c.svg]
[bnbkeeper.webimprovise.com/public/front_end/assets/fonts/icofont/fonts/icofont4d84.svg]
[bnbkeeper.webimprovise.com/public/front_end/assets/img/home-hero.html]
[bnbkeeper.webimprovise.com/public/front_end/assets/fonts/texgyreadventor/assets/texgyreadventor_bold_macroman/texgyreadventor-bold-webfont.svg]
[bnbkeeper.webimprovise.com/public/front_end/assets/fonts/texgyreadventor/assets/texgyreadventor_bolditalic_macroman/texgyreadventor-bolditalic-webfont.svg]
[bnbkeeper.webimprovise.com/public/front_end/assets/fonts/texgyreadventor/assets/texgyreadventor_italic_macroman/texgyreadventor-italic-webfont.svg]
[bnbkeeper.webimprovise.com/public/front_end/assets/fonts/texgyreadventor/assets/texgyreadventor_regular_macroman/texgyreadventor-regular-webfont.svg]
[bnbkeeper.webimprovise.com/au/guest-2.html]
[bnbkeeper.webimprovise.com/au/press_redirect0b30.html]
[bnbkeeper.webimprovise.com/public/front_end/assets/js/individual_scripts/keeper_application.js]
[bnbkeeper.webimprovise.com/au/apply-to-be-keeper.html]
